git init

cd :  change directory
cd 이동할 경로
cd .. : 상위 폴더로 이동

4. 형상관리
1) 스테이지 단계
	git add 파일, 경로
	git add . : 변경된 모든 파일
2) 스탭샷 단계/ 커밋 단계
	git commit -m 작업 내용  ex) git commit -m "작업 3"
3) 커밋 로그
	git log
	git log --oneline :  한줄로 커밋 로그 확인
	
	D:\이인석>git log --oneline
	65d3398 (HEAD, master) 작업 3
	a6966c2 작업2
	f86cc0c 작업1
	
4) 버전 관리
	git checkout 커밋 ID ex) git checkout 65d33980882d162c92d659f7afec66a9f5512c33
	git checkout - :  직전 시점으로 이동
	브랜치 관리
5) 브랜치 관리
	git branch -> 브랜치 목록 확인
	git branch 브랜치명 : 현재 브랜치의 파일 -> 생성된 브랜치로 복사
	* : 현재 브랜치의 위치
6) 브랜치 변경
	git checkout 브랜치명
	
	git branch -d 브랜치명

	git branch -D 브랜치명(강제 삭제)
	
	dir 
	dir /w :파일 목록 보기 또는 지우기
	master - 기본 브랜치

7) 소스 합치기
	git merge 병합할 브랜치명
	현재 브랜치에 브랜치명에 있는 소스가 합쳐진다.
	
8) 원격 브랜치 연결
	로컬 레포지토리 -> 원격 레포지토리/ 상태공유
	
	git remote add origin 원격 레포지토리 주소
	git push origin 브랜치명
	로컬 저장의 브랜치 -> 원격 저장소의 브랜치로 상태 반영